Analysis & Synthesis report for DE1_SoC
Thu Mar 01 16:35:11 2018
Quartus Prime Version 17.1.0 Build 590 10/25/2017 SJ Standard Edition


---------------------
; Table of Contents ;
---------------------
  1. Legal Notice
  2. Analysis & Synthesis Summary
  3. Analysis & Synthesis Settings
  4. Parallel Compilation
  5. Analysis & Synthesis Source Files Read
  6. Analysis & Synthesis Resource Usage Summary
  7. Analysis & Synthesis Resource Utilization by Entity
  8. Registers Removed During Synthesis
  9. General Register Statistics
 10. Multiplexer Restructuring Statistics (Restructuring Performed)
 11. Parameter Settings for User Entity Instance: Top-level Entity: |elevator
 12. Port Connectivity Checks: "clock_divider:cdiv"
 13. Post-Synthesis Netlist Statistics for Top Partition
 14. Elapsed Time Per Partition
 15. Analysis & Synthesis Messages
 16. Analysis & Synthesis Suppressed Messages



----------------
; Legal Notice ;
----------------
Copyright (C) 2017  Intel Corporation. All rights reserved.
Your use of Intel Corporation's design tools, logic functions 
and other software and tools, and its AMPP partner logic 
functions, and any output files from any of the foregoing 
(including device programming or simulation files), and any 
associated documentation or information are expressly subject 
to the terms and conditions of the Intel Program License 
Subscription Agreement, the Intel Quartus Prime License Agreement,
the Intel FPGA IP License Agreement, or other applicable license
agreement, including, without limitation, that your use is for
the sole purpose of programming logic devices manufactured by
Intel and sold by Intel or its authorized distributors.  Please
refer to the applicable agreement for further details.



+-----------------------------------------------------------------------------------+
; Analysis & Synthesis Summary                                                      ;
+---------------------------------+-------------------------------------------------+
; Analysis & Synthesis Status     ; Successful - Thu Mar 01 16:35:10 2018           ;
; Quartus Prime Version           ; 17.1.0 Build 590 10/25/2017 SJ Standard Edition ;
; Revision Name                   ; DE1_SoC                                         ;
; Top-level Entity Name           ; elevator                                        ;
; Family                          ; Cyclone V                                       ;
; Logic utilization (in ALMs)     ; N/A                                             ;
; Total registers                 ; 35                                              ;
; Total pins                      ; 53                                              ;
; Total virtual pins              ; 0                                               ;
; Total block memory bits         ; 0                                               ;
; Total DSP Blocks                ; 0                                               ;
; Total HSSI RX PCSs              ; 0                                               ;
; Total HSSI PMA RX Deserializers ; 0                                               ;
; Total HSSI TX PCSs              ; 0                                               ;
; Total HSSI PMA TX Serializers   ; 0                                               ;
; Total PLLs                      ; 0                                               ;
; Total DLLs                      ; 0                                               ;
+---------------------------------+-------------------------------------------------+


+---------------------------------------------------------------------------------------------------------------------------+
; Analysis & Synthesis Settings                                                                                             ;
+---------------------------------------------------------------------------------+--------------------+--------------------+
; Option                                                                          ; Setting            ; Default Value      ;
+---------------------------------------------------------------------------------+--------------------+--------------------+
; Device                                                                          ; 5CSEMA5F31C6       ;                    ;
; Top-level entity name                                                           ; elevator           ; DE1_SoC            ;
; Family name                                                                     ; Cyclone V          ; Cyclone V          ;
; State Machine Processing                                                        ; User-Encoded       ; Auto               ;
; Use smart compilation                                                           ; Off                ; Off                ;
; Enable parallel Assembler and TimeQuest Timing Analyzer during compilation      ; On                 ; On                 ;
; Enable compact report table                                                     ; Off                ; Off                ;
; Restructure Multiplexers                                                        ; Auto               ; Auto               ;
; MLAB Add Timing Constraints For Mixed-Port Feed-Through Mode Setting Don't Care ; Off                ; Off                ;
; Create Debugging Nodes for IP Cores                                             ; Off                ; Off                ;
; Preserve fewer node names                                                       ; On                 ; On                 ;
; Intel FPGA IP Evaluation Mode                                                   ; Enable             ; Enable             ;
; Verilog Version                                                                 ; Verilog_2001       ; Verilog_2001       ;
; VHDL Version                                                                    ; VHDL_1993          ; VHDL_1993          ;
; Safe State Machine                                                              ; Off                ; Off                ;
; Extract Verilog State Machines                                                  ; On                 ; On                 ;
; Extract VHDL State Machines                                                     ; On                 ; On                 ;
; Ignore Verilog initial constructs                                               ; Off                ; Off                ;
; Iteration limit for constant Verilog loops                                      ; 5000               ; 5000               ;
; Iteration limit for non-constant Verilog loops                                  ; 250                ; 250                ;
; Add Pass-Through Logic to Inferred RAMs                                         ; On                 ; On                 ;
; Infer RAMs from Raw Logic                                                       ; On                 ; On                 ;
; Parallel Synthesis                                                              ; On                 ; On                 ;
; DSP Block Balancing                                                             ; Auto               ; Auto               ;
; NOT Gate Push-Back                                                              ; On                 ; On                 ;
; Power-Up Don't Care                                                             ; On                 ; On                 ;
; Remove Redundant Logic Cells                                                    ; Off                ; Off                ;
; Remove Duplicate Registers                                                      ; On                 ; On                 ;
; Ignore CARRY Buffers                                                            ; Off                ; Off                ;
; Ignore CASCADE Buffers                                                          ; Off                ; Off                ;
; Ignore GLOBAL Buffers                                                           ; Off                ; Off                ;
; Ignore ROW GLOBAL Buffers                                                       ; Off                ; Off                ;
; Ignore LCELL Buffers                                                            ; Off                ; Off                ;
; Ignore SOFT Buffers                                                             ; On                 ; On                 ;
; Limit AHDL Integers to 32 Bits                                                  ; Off                ; Off                ;
; Optimization Technique                                                          ; Balanced           ; Balanced           ;
; Carry Chain Length                                                              ; 70                 ; 70                 ;
; Auto Carry Chains                                                               ; On                 ; On                 ;
; Auto Open-Drain Pins                                                            ; On                 ; On                 ;
; Perform WYSIWYG Primitive Resynthesis                                           ; Off                ; Off                ;
; Auto ROM Replacement                                                            ; On                 ; On                 ;
; Auto RAM Replacement                                                            ; On                 ; On                 ;
; Auto DSP Block Replacement                                                      ; On                 ; On                 ;
; Auto Shift Register Replacement                                                 ; Auto               ; Auto               ;
; Allow Shift Register Merging across Hierarchies                                 ; Auto               ; Auto               ;
; Auto Clock Enable Replacement                                                   ; On                 ; On                 ;
; Strict RAM Replacement                                                          ; Off                ; Off                ;
; Allow Synchronous Control Signals                                               ; On                 ; On                 ;
; Force Use of Synchronous Clear Signals                                          ; Off                ; Off                ;
; Auto Resource Sharing                                                           ; Off                ; Off                ;
; Allow Any RAM Size For Recognition                                              ; Off                ; Off                ;
; Allow Any ROM Size For Recognition                                              ; Off                ; Off                ;
; Allow Any Shift Register Size For Recognition                                   ; Off                ; Off                ;
; Use LogicLock Constraints during Resource Balancing                             ; On                 ; On                 ;
; Ignore translate_off and synthesis_off directives                               ; Off                ; Off                ;
; Timing-Driven Synthesis                                                         ; On                 ; On                 ;
; Report Parameter Settings                                                       ; On                 ; On                 ;
; Report Source Assignments                                                       ; On                 ; On                 ;
; Report Connectivity Checks                                                      ; On                 ; On                 ;
; Ignore Maximum Fan-Out Assignments                                              ; Off                ; Off                ;
; Synchronization Register Chain Length                                           ; 3                  ; 3                  ;
; Power Optimization During Synthesis                                             ; Normal compilation ; Normal compilation ;
; HDL message level                                                               ; Level2             ; Level2             ;
; Suppress Register Optimization Related Messages                                 ; Off                ; Off                ;
; Number of Removed Registers Reported in Synthesis Report                        ; 5000               ; 5000               ;
; Number of Swept Nodes Reported in Synthesis Report                              ; 5000               ; 5000               ;
; Number of Inverted Registers Reported in Synthesis Report                       ; 100                ; 100                ;
; Clock MUX Protection                                                            ; On                 ; On                 ;
; Auto Gated Clock Conversion                                                     ; Off                ; Off                ;
; Block Design Naming                                                             ; Auto               ; Auto               ;
; SDC constraint protection                                                       ; Off                ; Off                ;
; Synthesis Effort                                                                ; Auto               ; Auto               ;
; Shift Register Replacement - Allow Asynchronous Clear Signal                    ; On                 ; On                 ;
; Pre-Mapping Resynthesis Optimization                                            ; Off                ; Off                ;
; Analysis & Synthesis Message Level                                              ; Medium             ; Medium             ;
; Disable Register Merging Across Hierarchies                                     ; Auto               ; Auto               ;
; Resource Aware Inference For Block RAM                                          ; On                 ; On                 ;
; Automatic Parallel Synthesis                                                    ; On                 ; On                 ;
; Partial Reconfiguration Bitstream ID                                            ; Off                ; Off                ;
+---------------------------------------------------------------------------------+--------------------+--------------------+


+------------------------------------------+
; Parallel Compilation                     ;
+----------------------------+-------------+
; Processors                 ; Number      ;
+----------------------------+-------------+
; Number detected on machine ; 8           ;
; Maximum allowed            ; 4           ;
;                            ;             ;
; Average used               ; 1.00        ;
; Maximum used               ; 4           ;
;                            ;             ;
; Usage by Processor         ; % Time Used ;
;     Processor 1            ; 100.0%      ;
;     Processor 2            ;   0.0%      ;
;     Processors 3-4         ;   0.0%      ;
+----------------------------+-------------+


+------------------------------------------------------------------------------------------------------------------------------------+
; Analysis & Synthesis Source Files Read                                                                                             ;
+----------------------------------+-----------------+------------------------------+--------------------------------------+---------+
; File Name with User-Entered Path ; Used in Netlist ; File Type                    ; File Name with Absolute Path         ; Library ;
+----------------------------------+-----------------+------------------------------+--------------------------------------+---------+
; floorLights.sv                   ; yes             ; User SystemVerilog HDL File  ; U:/EE 271/Lab 8/floorLights.sv       ;         ;
; floor1.sv                        ; yes             ; User SystemVerilog HDL File  ; U:/EE 271/Lab 8/floor1.sv            ;         ;
; floor2.sv                        ; yes             ; User SystemVerilog HDL File  ; U:/EE 271/Lab 8/floor2.sv            ;         ;
; floor2m.sv                       ; yes             ; User SystemVerilog HDL File  ; U:/EE 271/Lab 8/floor2m.sv           ;         ;
; floor3.sv                        ; yes             ; User SystemVerilog HDL File  ; U:/EE 271/Lab 8/floor3.sv            ;         ;
; floor3m.sv                       ; yes             ; User SystemVerilog HDL File  ; U:/EE 271/Lab 8/floor3m.sv           ;         ;
; floor4.sv                        ; yes             ; User SystemVerilog HDL File  ; U:/EE 271/Lab 8/floor4.sv            ;         ;
; doors.sv                         ; yes             ; User SystemVerilog HDL File  ; U:/EE 271/Lab 8/doors.sv             ;         ;
; elevator.sv                      ; yes             ; User SystemVerilog HDL File  ; U:/EE 271/Lab 8/elevator.sv          ;         ;
; closing.sv                       ; yes             ; User SystemVerilog HDL File  ; U:/EE 271/Lab 8/closing.sv           ;         ;
; elevatorDirection.sv             ; yes             ; User SystemVerilog HDL File  ; U:/EE 271/Lab 8/elevatorDirection.sv ;         ;
; hexdisplay.sv                    ; yes             ; User SystemVerilog HDL File  ; U:/EE 271/Lab 8/hexdisplay.sv        ;         ;
+----------------------------------+-----------------+------------------------------+--------------------------------------+---------+


+------------------------------------------------------------------------+
; Analysis & Synthesis Resource Usage Summary                            ;
+---------------------------------------------+--------------------------+
; Resource                                    ; Usage                    ;
+---------------------------------------------+--------------------------+
; Estimate of Logic utilization (ALMs needed) ; 55                       ;
;                                             ;                          ;
; Combinational ALUT usage for logic          ; 90                       ;
;     -- 7 input functions                    ; 1                        ;
;     -- 6 input functions                    ; 19                       ;
;     -- 5 input functions                    ; 18                       ;
;     -- 4 input functions                    ; 12                       ;
;     -- <=3 input functions                  ; 40                       ;
;                                             ;                          ;
; Dedicated logic registers                   ; 35                       ;
;                                             ;                          ;
; I/O pins                                    ; 53                       ;
;                                             ;                          ;
; Total DSP Blocks                            ; 0                        ;
;                                             ;                          ;
; Maximum fan-out node                        ; floorLights:floors|ps[0] ;
; Maximum fan-out                             ; 26                       ;
; Total fan-out                               ; 495                      ;
; Average fan-out                             ; 2.14                     ;
+---------------------------------------------+--------------------------+


+----------------------------------------------------------------------------------------------------------------------------------------------------------------------------------------------------------------------+
; Analysis & Synthesis Resource Utilization by Entity                                                                                                                                                                  ;
+----------------------------------+---------------------+---------------------------+-------------------+------------+------+--------------+---------------------------------------+-------------------+--------------+
; Compilation Hierarchy Node       ; Combinational ALUTs ; Dedicated Logic Registers ; Block Memory Bits ; DSP Blocks ; Pins ; Virtual Pins ; Full Hierarchy Name                   ; Entity Name       ; Library Name ;
+----------------------------------+---------------------+---------------------------+-------------------+------------+------+--------------+---------------------------------------+-------------------+--------------+
; |elevator                        ; 90 (0)              ; 35 (0)                    ; 0                 ; 0          ; 53   ; 0            ; |elevator                             ; elevator          ; work         ;
;    |clock_divider:cdiv|          ; 24 (24)             ; 24 (24)                   ; 0                 ; 0          ; 0    ; 0            ; |elevator|clock_divider:cdiv          ; clock_divider     ; work         ;
;    |doors:door|                  ; 3 (3)               ; 1 (1)                     ; 0                 ; 0          ; 0    ; 0            ; |elevator|doors:door                  ; doors             ; work         ;
;    |elevatorDirection:direction| ; 18 (18)             ; 1 (1)                     ; 0                 ; 0          ; 0    ; 0            ; |elevator|elevatorDirection:direction ; elevatorDirection ; work         ;
;    |floor1:f1|                   ; 2 (2)               ; 1 (1)                     ; 0                 ; 0          ; 0    ; 0            ; |elevator|floor1:f1                   ; floor1            ; work         ;
;    |floor2:f2|                   ; 2 (2)               ; 1 (1)                     ; 0                 ; 0          ; 0    ; 0            ; |elevator|floor2:f2                   ; floor2            ; work         ;
;    |floor2m:f2m|                 ; 2 (2)               ; 1 (1)                     ; 0                 ; 0          ; 0    ; 0            ; |elevator|floor2m:f2m                 ; floor2m           ; work         ;
;    |floor3:f3|                   ; 2 (2)               ; 1 (1)                     ; 0                 ; 0          ; 0    ; 0            ; |elevator|floor3:f3                   ; floor3            ; work         ;
;    |floor3m:f3m|                 ; 2 (2)               ; 1 (1)                     ; 0                 ; 0          ; 0    ; 0            ; |elevator|floor3m:f3m                 ; floor3m           ; work         ;
;    |floor4:f4|                   ; 2 (2)               ; 1 (1)                     ; 0                 ; 0          ; 0    ; 0            ; |elevator|floor4:f4                   ; floor4            ; work         ;
;    |floorLights:floors|          ; 29 (29)             ; 3 (3)                     ; 0                 ; 0          ; 0    ; 0            ; |elevator|floorLights:floors          ; floorLights       ; work         ;
;    |hexdisplay:display|          ; 4 (4)               ; 0 (0)                     ; 0                 ; 0          ; 0    ; 0            ; |elevator|hexdisplay:display          ; hexdisplay        ; work         ;
+----------------------------------+---------------------+---------------------------+-------------------+------------+------+--------------+---------------------------------------+-------------------+--------------+
Note: For table entries with two numbers listed, the numbers in parentheses indicate the number of resources of the given type used by the specific entity alone. The numbers listed outside of parentheses indicate the total resources of the given type used by the specific entity and all of its sub-entities in the hierarchy.


+------------------------------------------------------------------------------------+
; Registers Removed During Synthesis                                                 ;
+-------------------------------------------+----------------------------------------+
; Register name                             ; Reason for Removal                     ;
+-------------------------------------------+----------------------------------------+
; floor4:f4|ps[1..31]                       ; Stuck at GND due to stuck port data_in ;
; floor3m:f3m|ps[1..31]                     ; Stuck at GND due to stuck port data_in ;
; floor3:f3|ps[1..31]                       ; Stuck at GND due to stuck port data_in ;
; floor2m:f2m|ps[1..31]                     ; Stuck at GND due to stuck port data_in ;
; floor2:f2|ps[1..31]                       ; Stuck at GND due to stuck port data_in ;
; floor1:f1|ps[1..31]                       ; Stuck at GND due to stuck port data_in ;
; elevatorDirection:direction|ps[1..31]     ; Stuck at GND due to stuck port data_in ;
; doors:door|ps[1..31]                      ; Stuck at GND due to stuck port data_in ;
; floorLights:floors|ps[3..31]              ; Stuck at GND due to stuck port data_in ;
; clock_divider:cdiv|divided_clocks[24..31] ; Lost fanout                            ;
; Total Number of Removed Registers = 285   ;                                        ;
+-------------------------------------------+----------------------------------------+


+------------------------------------------------------+
; General Register Statistics                          ;
+----------------------------------------------+-------+
; Statistic                                    ; Value ;
+----------------------------------------------+-------+
; Total registers                              ; 35    ;
; Number of registers using Synchronous Clear  ; 0     ;
; Number of registers using Synchronous Load   ; 0     ;
; Number of registers using Asynchronous Clear ; 0     ;
; Number of registers using Asynchronous Load  ; 0     ;
; Number of registers using Clock Enable       ; 0     ;
; Number of registers using Preset             ; 0     ;
+----------------------------------------------+-------+


+----------------------------------------------------------------------------------------------------------------------------------------------------+
; Multiplexer Restructuring Statistics (Restructuring Performed)                                                                                     ;
+--------------------+-----------+---------------+----------------------+------------------------+------------+--------------------------------------+
; Multiplexer Inputs ; Bus Width ; Baseline Area ; Area if Restructured ; Saving if Restructured ; Registered ; Example Multiplexer Output           ;
+--------------------+-----------+---------------+----------------------+------------------------+------------+--------------------------------------+
; 3:1                ; 2 bits    ; 4 LEs         ; 4 LEs                ; 0 LEs                  ; No         ; |elevator|hexdisplay:display|HEX4[2] ;
; 5:1                ; 3 bits    ; 9 LEs         ; 9 LEs                ; 0 LEs                  ; No         ; |elevator|hexdisplay:display|HEX2[0] ;
; 6:1                ; 2 bits    ; 8 LEs         ; 8 LEs                ; 0 LEs                  ; No         ; |elevator|doors:door|LEDR[0]         ;
+--------------------+-----------+---------------+----------------------+------------------------+------------+--------------------------------------+


+--------------------------------------------------------------------------+
; Parameter Settings for User Entity Instance: Top-level Entity: |elevator ;
+----------------+-------+-------------------------------------------------+
; Parameter Name ; Value ; Type                                            ;
+----------------+-------+-------------------------------------------------+
; whichClock     ; 23    ; Signed Integer                                  ;
+----------------+-------+-------------------------------------------------+
Note: In order to hide this table in the UI and the text report file, please set the "Show Parameter Settings in Synthesis Report" option in "Analysis and Synthesis Settings -> More Settings" to "Off".


+----------------------------------------------------------------------------------------------------------------------------------+
; Port Connectivity Checks: "clock_divider:cdiv"                                                                                   ;
+------------------------+--------+----------+-------------------------------------------------------------------------------------+
; Port                   ; Type   ; Severity ; Details                                                                             ;
+------------------------+--------+----------+-------------------------------------------------------------------------------------+
; divided_clocks[31..24] ; Output ; Info     ; Connected to dangling logic. Logic that only feeds a dangling port will be removed. ;
; divided_clocks[22..0]  ; Output ; Info     ; Connected to dangling logic. Logic that only feeds a dangling port will be removed. ;
+------------------------+--------+----------+-------------------------------------------------------------------------------------+


+-----------------------------------------------------+
; Post-Synthesis Netlist Statistics for Top Partition ;
+-----------------------+-----------------------------+
; Type                  ; Count                       ;
+-----------------------+-----------------------------+
; arriav_ff             ; 35                          ;
;     plain             ; 35                          ;
; arriav_lcell_comb     ; 96                          ;
;     arith             ; 23                          ;
;         1 data inputs ; 22                          ;
;         2 data inputs ; 1                           ;
;     extend            ; 1                           ;
;         7 data inputs ; 1                           ;
;     normal            ; 72                          ;
;         0 data inputs ; 2                           ;
;         1 data inputs ; 5                           ;
;         2 data inputs ; 3                           ;
;         3 data inputs ; 13                          ;
;         4 data inputs ; 12                          ;
;         5 data inputs ; 18                          ;
;         6 data inputs ; 19                          ;
; boundary_port         ; 53                          ;
;                       ;                             ;
; Max LUT depth         ; 3.20                        ;
; Average LUT depth     ; 2.48                        ;
+-----------------------+-----------------------------+


+-------------------------------+
; Elapsed Time Per Partition    ;
+----------------+--------------+
; Partition Name ; Elapsed Time ;
+----------------+--------------+
; Top            ; 00:00:02     ;
+----------------+--------------+


+-------------------------------+
; Analysis & Synthesis Messages ;
+-------------------------------+
Info: *******************************************************************
Info: Running Quartus Prime Analysis & Synthesis
    Info: Version 17.1.0 Build 590 10/25/2017 SJ Standard Edition
    Info: Processing started: Thu Mar 01 16:34:44 2018
Info: Command: quartus_map --read_settings_files=on --write_settings_files=off DE1_SoC -c DE1_SoC
Info (20030): Parallel compilation is enabled and will use 4 of the 4 processors detected
Warning (12019): Can't analyze file -- file DE1_SoC.sv is missing
Info (12021): Found 2 design units, including 2 entities, in source file floorlights.sv
    Info (12023): Found entity 1: floorLights File: U:/EE 271/Lab 8/floorLights.sv Line: 3
    Info (12023): Found entity 2: floorLights_testbench File: U:/EE 271/Lab 8/floorLights.sv Line: 81
Info (12021): Found 1 design units, including 1 entities, in source file floor1.sv
    Info (12023): Found entity 1: floor1 File: U:/EE 271/Lab 8/floor1.sv Line: 1
Info (12021): Found 1 design units, including 1 entities, in source file floor2.sv
    Info (12023): Found entity 1: floor2 File: U:/EE 271/Lab 8/floor2.sv Line: 1
Info (12021): Found 1 design units, including 1 entities, in source file floor2m.sv
    Info (12023): Found entity 1: floor2m File: U:/EE 271/Lab 8/floor2m.sv Line: 1
Info (12021): Found 1 design units, including 1 entities, in source file floor3.sv
    Info (12023): Found entity 1: floor3 File: U:/EE 271/Lab 8/floor3.sv Line: 1
Info (12021): Found 1 design units, including 1 entities, in source file floor3m.sv
    Info (12023): Found entity 1: floor3m File: U:/EE 271/Lab 8/floor3m.sv Line: 1
Info (12021): Found 1 design units, including 1 entities, in source file floor4.sv
    Info (12023): Found entity 1: floor4 File: U:/EE 271/Lab 8/floor4.sv Line: 1
Info (12021): Found 2 design units, including 2 entities, in source file doors.sv
    Info (12023): Found entity 1: doors File: U:/EE 271/Lab 8/doors.sv Line: 3
    Info (12023): Found entity 2: doors_testbench File: U:/EE 271/Lab 8/doors.sv Line: 69
Info (12021): Found 3 design units, including 3 entities, in source file elevator.sv
    Info (12023): Found entity 1: elevator File: U:/EE 271/Lab 8/elevator.sv Line: 1
    Info (12023): Found entity 2: clock_divider File: U:/EE 271/Lab 8/elevator.sv Line: 58
    Info (12023): Found entity 3: elevator_testbench File: U:/EE 271/Lab 8/elevator.sv Line: 73
Info (12021): Found 1 design units, including 1 entities, in source file closing.sv
    Info (12023): Found entity 1: closing File: U:/EE 271/Lab 8/closing.sv Line: 1
Info (12021): Found 2 design units, including 2 entities, in source file elevatordirection.sv
    Info (12023): Found entity 1: elevatorDirection File: U:/EE 271/Lab 8/elevatorDirection.sv Line: 1
    Info (12023): Found entity 2: elevatorDirection_testbench File: U:/EE 271/Lab 8/elevatorDirection.sv Line: 67
Info (12021): Found 1 design units, including 1 entities, in source file hexdisplay.sv
    Info (12023): Found entity 1: hexdisplay File: U:/EE 271/Lab 8/hexdisplay.sv Line: 1
Info (12127): Elaborating entity "elevator" for the top level hierarchy
Info (12128): Elaborating entity "clock_divider" for hierarchy "clock_divider:cdiv" File: U:/EE 271/Lab 8/elevator.sv Line: 34
Info (12128): Elaborating entity "closing" for hierarchy "closing:close" File: U:/EE 271/Lab 8/elevator.sv Line: 37
Info (12128): Elaborating entity "floorLights" for hierarchy "floorLights:floors" File: U:/EE 271/Lab 8/elevator.sv Line: 39
Info (12128): Elaborating entity "doors" for hierarchy "doors:door" File: U:/EE 271/Lab 8/elevator.sv Line: 41
Info (12128): Elaborating entity "elevatorDirection" for hierarchy "elevatorDirection:direction" File: U:/EE 271/Lab 8/elevator.sv Line: 43
Info (12128): Elaborating entity "floor1" for hierarchy "floor1:f1" File: U:/EE 271/Lab 8/elevator.sv Line: 45
Info (12128): Elaborating entity "floor2" for hierarchy "floor2:f2" File: U:/EE 271/Lab 8/elevator.sv Line: 46
Info (12128): Elaborating entity "floor2m" for hierarchy "floor2m:f2m" File: U:/EE 271/Lab 8/elevator.sv Line: 47
Info (12128): Elaborating entity "floor3" for hierarchy "floor3:f3" File: U:/EE 271/Lab 8/elevator.sv Line: 48
Info (12128): Elaborating entity "floor3m" for hierarchy "floor3m:f3m" File: U:/EE 271/Lab 8/elevator.sv Line: 49
Info (12128): Elaborating entity "floor4" for hierarchy "floor4:f4" File: U:/EE 271/Lab 8/elevator.sv Line: 50
Info (12128): Elaborating entity "hexdisplay" for hierarchy "hexdisplay:display" File: U:/EE 271/Lab 8/elevator.sv Line: 52
Info (286030): Timing-Driven Synthesis is running
Info (17049): 8 registers lost all their fanouts during netlist optimizations.
Info (144001): Generated suppressed messages file U:/EE 271/Lab 8/output_files/DE1_SoC.map.smsg
Info (16010): Generating hard_block partition "hard_block:auto_generated_inst"
    Info (16011): Adding 0 node(s), including 0 DDIO, 0 PLL, 0 transceiver and 0 LCELL
Info (21057): Implemented 143 device resources after synthesis - the final resource count might be different
    Info (21058): Implemented 15 input pins
    Info (21059): Implemented 38 output pins
    Info (21061): Implemented 90 logic cells
Info: Quartus Prime Analysis & Synthesis was successful. 0 errors, 1 warning
    Info: Peak virtual memory: 785 megabytes
    Info: Processing ended: Thu Mar 01 16:35:11 2018
    Info: Elapsed time: 00:00:27
    Info: Total CPU time (on all processors): 00:00:29


+------------------------------------------+
; Analysis & Synthesis Suppressed Messages ;
+------------------------------------------+
The suppressed messages can be found in U:/EE 271/Lab 8/output_files/DE1_SoC.map.smsg.


